// Jest Snapshot v1, https://goo.gl/fbAQLP

exports[`App renders correctly 1`] = `
<styled.div>
  <Header />
  <Styled(styled.article)>
    <Overview />
    <ManageCounter
      initialCount={10}
      step={2}
    />
    <styled.section>
      <GettingStarted />
    </styled.section>
    <styled.section>
      <CoreConcepts />
    </styled.section>
  </Styled(styled.article)>
</styled.div>
`;
