// Jest Snapshot v1, https://goo.gl/fbAQLP

exports[`Button renders correctly 1`] = `
.c0 {
  background: rgba(40,40,40,0.05);
  border: none;
  color: #4a6cbb;
  border: 1px solid transparent;
  font-weight: 700;
  font-size: 1.4rem;
  text-transform: uppercase;
  width: 19.4rem;
  height: 3.6rem;
  cursor: pointer;
  border-radius: 6px;
  -webkit-transition: all 0.4s ease;
  transition: all 0.4s ease;
  outline: 0;
}

.c0:hover {
  background: rgba(40,40,40,0.1);
}

.c0:active {
  background: rgba(74,108,187,0.2);
}

.c0:focus {
  border: 1px solid rgba(74,108,187,0.6);
}

.c0:disabled {
  color: rgba(40,40,40,0.3);
  background: rgba(40,40,40,0.05);
  cursor: default;
}

<button
  className="c0"
/>
`;
