// Jest Snapshot v1, https://goo.gl/fbAQLP

exports[`ManageCounter renders correctly 1`] = `
<styled.section>
  <styled.h1>
    Manage Counter
  </styled.h1>
  <styled.p>
    A strigtforward counter example built using popular 
    <em>
      render props
    </em>
     pattern.
  </styled.p>
  <Counter
    initialCount={10}
    step={2}
  />
</styled.section>
`;
