// Jest Snapshot v1, https://goo.gl/fbAQLP

exports[`CoreConcepts renders correctly 1`] = `
<React.Fragment>
  <styled.h2>
    What will you learn?
  </styled.h2>
  <styled.p>
    By inspecting source code of this demo application you can get a good grasp of:
  </styled.p>
  <TextList>
    <Styled(styled.li)>
      How to set up TypeScript development environment for React web app
    </Styled(styled.li)>
    <Styled(styled.li)>
      How to organize file structure of your project
    </Styled(styled.li)>
    <Styled(styled.li)>
      How to implement and test 
      <strong>
        render props
      </strong>
       component — 
      <em>
        src/components/Counter
      </em>
       
      and 
      <em>
        src/components/ManageCounter
      </em>
    </Styled(styled.li)>
    <Styled(styled.li)>
      How to create 
      <strong>
        compound
      </strong>
       component — 
      <em>
        src/components/TextList
      </em>
    </Styled(styled.li)>
    <Styled(styled.li)>
      How to write unit and integration tests
    </Styled(styled.li)>
    <Styled(styled.li)>
      How to setup strightforward CI/CD pipeline with TravisCI and Surge
    </Styled(styled.li)>
    <Styled(styled.li)>
      How to create fully responsive layout with 
      <strong>
        css grid
      </strong>
       and 
      <strong>
        styled-components
      </strong>
    </Styled(styled.li)>
  </TextList>
</React.Fragment>
`;
