// Jest Snapshot v1, https://goo.gl/fbAQLP

exports[`ScriptsOverview renders correctly 1`] = `
<section>
  <styled.h2>
    NPM Scripts overview
  </styled.h2>
  <styled.p>
    Just a grasp of what could be found in package.json:
  </styled.p>
  <Table>
    <thead>
      <tr>
        <Styled(styled.th)>
          Script name
        </Styled(styled.th)>
        <Styled(styled.th)>
          Description
        </Styled(styled.th)>
      </tr>
    </thead>
    <tbody>
      <styled.tr>
        <styled.td>
          start
        </styled.td>
        <styled.td>
          Launches app in development mode
        </styled.td>
      </styled.tr>
      <styled.tr>
        <styled.td>
          build
        </styled.td>
        <styled.td>
          Creates production, ready to deploy build of the app
        </styled.td>
      </styled.tr>
      <styled.tr>
        <styled.td>
          test
        </styled.td>
        <styled.td>
          Runs whole test suite
        </styled.td>
      </styled.tr>
      <styled.tr>
        <styled.td>
          test:watch
        </styled.td>
        <styled.td>
          Watch files for changes and rerun related tests
        </styled.td>
      </styled.tr>
      <styled.tr>
        <styled.td>
          test:update
        </styled.td>
        <styled.td>
          Updates all test snapshots
        </styled.td>
      </styled.tr>
      <styled.tr>
        <styled.td>
          lint
        </styled.td>
        <styled.td>
          Checks the whole project for linting errors
        </styled.td>
      </styled.tr>
      <styled.tr>
        <styled.td>
          typecheck
        </styled.td>
        <styled.td>
          Runs TypeScript compiler to find type errors
        </styled.td>
      </styled.tr>
      <styled.tr>
        <styled.td>
          format
        </styled.td>
        <styled.td>
          Formats code with prettier
        </styled.td>
      </styled.tr>
    </tbody>
  </Table>
</section>
`;
