// Jest Snapshot v1, https://goo.gl/fbAQLP

exports[`ModulesOverview renders correctly 1`] = `
<section>
  <styled.h2>
    Comprehensive modules overview
  </styled.h2>
  <styled.p>
    There are a lot of interesting tech choices:
  </styled.p>
  <Table>
    <thead>
      <tr>
        <Styled(styled.th)>
          Related modules
        </Styled(styled.th)>
        <Styled(styled.th)>
          Description
        </Styled(styled.th)>
      </tr>
    </thead>
    <tbody>
      <styled.tr>
        <styled.td>
          react, react-dom
        </styled.td>
        <styled.td>
          Reusable components for web applications
        </styled.td>
      </styled.tr>
      <styled.tr>
        <styled.td>
          typescript
        </styled.td>
        <styled.td>
          JavaScript but with types (and more)
        </styled.td>
      </styled.tr>
      <styled.tr>
        <styled.td>
          fusebox
        </styled.td>
        <styled.td>
          Great bundler with simple configuration and first class TypeScript support
        </styled.td>
      </styled.tr>
      <styled.tr>
        <styled.td>
          tslint
        </styled.td>
        <styled.td>
          Reports TypeScript and React syntax errors
        </styled.td>
      </styled.tr>
      <styled.tr>
        <styled.td>
          styled-components
        </styled.td>
        <styled.td>
          Scoped components CSS styles, how awesome is it?
        </styled.td>
      </styled.tr>
      <styled.tr>
        <styled.td>
          jest
        </styled.td>
        <styled.td>
          Automated test framework with built in assertion library
        </styled.td>
      </styled.tr>
      <styled.tr>
        <styled.td>
          enzyme
        </styled.td>
        <styled.td>
          React testing utilities
        </styled.td>
      </styled.tr>
      <styled.tr>
        <styled.td>
          prettier, lint-staged
        </styled.td>
        <styled.td>
          Enforces consistent coding style
        </styled.td>
      </styled.tr>
    </tbody>
  </Table>
</section>
`;
