// Jest Snapshot v1, https://goo.gl/fbAQLP

exports[`ExternalLink renders correctly 1`] = `
.c0 {
  color: #4a6cbb;
  cursor: pointer;
  -webkit-text-decoration: none;
  text-decoration: none;
  outline: none;
}

.c0:hover,
.c0:focus {
  -webkit-text-decoration: underline;
  text-decoration: underline;
}

<a
  className="c0"
  href="http://taylorswift.com"
  target="_blank"
>
  Swift
</a>
`;
